115.231.222.40 - - [20/Apr/2016:11:33:31 +0300] "GET http://zc.qq.com/cgi-bin/common/attr?id=260714&r=0.3787677838992927 HTTP/1.1" 403 221
94.232.77.154 - - [20/Apr/2016:11:44:58 +0300] "GET http://www.google.com/ HTTP/1.0" 200 599
115.231.222.40 - - [20/Apr/2016:12:25:01 +0300] "GET http://zc.qq.com/cgi-bin/common/attr?id=260714&r=0.3157748404177258 HTTP/1.1" 403 221
115.239.228.8 - - [20/Apr/2016:12:58:01 +0300] "GET http://zc.qq.com/cgi-bin/common/attr?id=260714&r=0.9641082478380390 HTTP/1.1" 403 221
93.183.255.109 - - [20/Apr/2016:13:09:47 +0300] "GET / HTTP/1.1" 200 599
115.231.222.40 - - [20/Apr/2016:13:17:36 +0300] "GET http://zc.qq.com/cgi-bin/common/attr?id=260714&r=0.8945944203567546 HTTP/1.1" 403 221
93.183.255.109 - - [20/Apr/2016:13:32:57 +0300] "GET /STATUS HTTP/1.1" 404 204
93.183.255.109 - - [20/Apr/2016:13:34:37 +0300] "GET /STATUS HTTP/1.1" 404 204
115.239.228.8 - - [20/Apr/2016:13:48:52 +0300] "GET http://zc.qq.com/cgi-bin/common/attr?id=260714&r=0.0279493804181255 HTTP/1.1" 403 221
101.77.199.9 - - [20/Apr/2016:13:51:43 +0300] "GET /script HTTP/1.1" 404 179
115.231.222.40 - - [20/Apr/2016:14:09:59 +0300] "GET http://zc.qq.com/cgi-bin/common/attr?id=260714&r=0.0234397956992404 HTTP/1.1" 403 221
163.172.13.43 - - [20/Apr/2016:14:31:46 +0300] "GET / HTTP/1.1" 200 300
163.172.13.43 - - [20/Apr/2016:14:31:46 +0300] "GET /HNAP1/ HTTP/1.1" 404 179
115.239.228.8 - - [20/Apr/2016:14:39:57 +0300] "GET http://zc.qq.com/cgi-bin/common/attr?id=260714&r=0.7211859203044423 HTTP/1.1" 403 221
115.231.222.40 - - [20/Apr/2016:15:01:28 +0300] "GET http://zc.qq.com/cgi-bin/common/attr?id=260714&r=0.8133429784004287 HTTP/1.1" 403 221
202.109.143.18 - - [20/Apr/2016:15:16:04 +0300] "GET /manager/html HTTP/1.1" 404 210
115.239.228.8 - - [20/Apr/2016:15:30:47 +0300] "GET http://zc.qq.com/cgi-bin/common/attr?id=260714&r=0.0691391742942734 HTTP/1.1" 403 221
115.231.222.40 - - [20/Apr/2016:15:52:46 +0300] "GET http://zc.qq.com/cgi-bin/common/attr?id=260714&r=0.3097803046449917 HTTP/1.1" 403 221
222.186.58.144 - - [20/Apr/2016:15:55:30 +0300] "GET /script HTTP/1.1" 404 204
222.186.58.144 - - [20/Apr/2016:15:55:30 +0300] "GET /jenkins/script HTTP/1.1" 404 212
115.231.222.40 - - [21/Apr/2016:11:43:52 +0300] "GET http://zc.qq.com/cgi-bin/common/attr?id=260714&r=0.2719440174915935 HTTP/1.1" 403 221
115.239.228.8 - - [21/Apr/2016:11:55:14 +0300] "GET http://zc.qq.com/cgi-bin/common/attr?id=260714&r=0.9548757451111716 HTTP/1.1" 403 221
194.28.112.51 - - [21/Apr/2016:11:59:22 +0300] "GET / HTTP/1.1" 200 300
194.28.112.51 - - [21/Apr/2016:11:59:22 +0300] "GET /HNAP1/ HTTP/1.1" 404 179
115.231.222.40 - - [21/Apr/2016:12:35:12 +0300] "GET http://zc.qq.com/cgi-bin/common/attr?id=260714&r=0.5160642030662458 HTTP/1.1" 403 221
115.239.228.8 - - [21/Apr/2016:12:46:09 +0300] "GET http://zc.qq.com/cgi-bin/common/attr?id=260714&r=0.2326508781231087 HTTP/1.1" 403 221
94.232.73.14 - - [21/Apr/2016:12:57:45 +0300] "GET /STATUS HTTP/1.1" 404 204
94.232.73.14 - - [21/Apr/2016:13:02:35 +0300] "GET /STATUS HTTP/1.1" 404 204
115.231.222.40 - - [21/Apr/2016:13:27:53 +0300] "GET http://zc.qq.com/cgi-bin/common/attr?id=260714&r=0.4795113279874870 HTTP/1.1" 403 221
115.239.228.8 - - [21/Apr/2016:13:37:07 +0300] "GET http://zc.qq.com/cgi-bin/common/attr?id=260714&r=0.5703403084444553 HTTP/1.1" 403 221
94.232.73.14 - - [21/Apr/2016:13:43:07 +0300] "GET / HTTP/1.1" 200 599
115.231.222.40 - - [21/Apr/2016:14:20:40 +0300] "GET http://zc.qq.com/cgi-bin/common/attr?id=260714&r=0.4675632190866499 HTTP/1.1" 403 221
115.239.228.8 - - [21/Apr/2016:14:27:53 +0300] "GET http://zc.qq.com/cgi-bin/common/attr?id=260714&r=0.1082744104960091 HTTP/1.1" 403 221
94.232.73.14 - - [21/Apr/2016:14:30:40 +0300] "GET /1.IJM/ HTTP/1.1" 200 670
94.232.73.14 - - [21/Apr/2016:14:30:40 +0300] "GET /-----------%20DAVE%20FAQ%20-----------.docx HTTP/1.1" 200 6742
94.232.73.14 - - [21/Apr/2016:14:30:40 +0300] "GET /4.Staebler_Landing/ HTTP/1.1" 200 712
94.232.73.14 - - [21/Apr/2016:14:30:40 +0300] "GET /5.chnc/ HTTP/1.1" 200 1196
94.232.73.14 - - [21/Apr/2016:14:30:40 +0300] "GET /accesslog.log HTTP/1.1" 200 206304
94.232.73.14 - - [21/Apr/2016:14:30:40 +0300] "GET /error.log HTTP/1.1" 200 255368
94.232.73.14 - - [21/Apr/2016:14:30:40 +0300] "GET /2.Website%20best%20practices%20guide/ HTTP/1.1" 200 8898
104.219.238.10 - - [21/Apr/2016:15:23:25 +0300] "GET / HTTP/1.0" 200 599
115.231.222.40 - - [21/Apr/2016:16:02:15 +0300] "GET http://zc.qq.com/cgi-bin/common/attr?id=260714&r=0.8276559111792958 HTTP/1.1" 403 221
115.239.228.8 - - [21/Apr/2016:16:09:34 +0300] "GET http://zc.qq.com/cgi-bin/common/attr?id=260714&r=0.4449551237845073 HTTP/1.1" 403 221
185.25.151.159 - - [21/Apr/2016:16:41:56 +0300] "GET http://testp1.piwo.pila.pl/testproxy.php HTTP/1.1" 404 184
115.239.228.8 - - [21/Apr/2016:17:00:38 +0300] "GET http://zc.qq.com/cgi-bin/common/attr?id=260714&r=0.1411266418269451 HTTP/1.1" 403 221
115.231.222.40 - - [21/Apr/2016:19:08:02 +0300] "GET http://zc.qq.com/cgi-bin/common/attr?id=260714&r=0.4995354957452224 HTTP/1.1" 403 221
115.239.228.8 - - [24/Apr/2016:12:18:26 +0300] "GET http://zc.qq.com/cgi-bin/common/attr?id=260714&r=0.1772276585241638 HTTP/1.1" 403 221
222.186.56.28 - - [24/Apr/2016:12:22:49 +0300] "GET /script HTTP/1.1" 404 204
222.186.56.28 - - [24/Apr/2016:12:22:49 +0300] "GET /jenkins/script HTTP/1.1" 404 212
115.231.222.40 - - [24/Apr/2016:12:36:31 +0300] "GET http://zc.qq.com/cgi-bin/common/attr?id=260714&r=0.6141570442968310 HTTP/1.1" 403 221
115.239.228.8 - - [24/Apr/2016:13:21:49 +0300] "GET http://zc.qq.com/cgi-bin/common/attr?id=260714&r=0.8088851076837572 HTTP/1.1" 403 221
115.231.222.40 - - [24/Apr/2016:13:23:58 +0300] "GET http://zc.qq.com/cgi-bin/common/attr?id=260714&r=0.5198439867241322 HTTP/1.1" 403 221
115.231.222.40 - - [24/Apr/2016:14:09:33 +0300] "GET http://zc.qq.com/cgi-bin/common/attr?id=260714&r=0.2594845227809655 HTTP/1.1" 403 221
5.28.165.42 - - [24/Apr/2016:14:13:51 +0300] "GET / HTTP/1.0" 200 599
115.231.222.40 - - [24/Apr/2016:14:55:31 +0300] "GET http://zc.qq.com/cgi-bin/common/attr?id=260714&r=0.7955786705709785 HTTP/1.1" 403 221
115.239.228.8 - - [24/Apr/2016:15:28:59 +0300] "GET http://zc.qq.com/cgi-bin/common/attr?id=260714&r=0.6819635360598305 HTTP/1.1" 403 221
115.231.222.40 - - [27/Apr/2016:14:29:47 +0300] "GET http://zc.qq.com/cgi-bin/common/attr?id=260714&r=0.2805982158939357 HTTP/1.1" 403 221
91.236.75.4 - - [27/Apr/2016:15:27:58 +0300] "GET http://www.google.com/reader/about/ HTTP/1.1" 404 211
91.236.75.4 - - [27/Apr/2016:15:41:15 +0300] "GET http://www.google.com/reader/about/ HTTP/1.1" 404 211
115.231.222.40 - - [27/Apr/2016:16:01:45 +0300] "GET http://zc.qq.com/cgi-bin/common/attr?id=260714&r=0.2627982563383086 HTTP/1.1" 403 221
185.92.72.32 - - [27/Apr/2016:16:52:08 +0300] "GET / HTTP/1.1" 200 300
185.92.72.32 - - [27/Apr/2016:16:52:12 +0300] "GET /HNAP1/ HTTP/1.1" 404 179
115.231.222.40 - - [27/Apr/2016:17:34:02 +0300] "GET http://zc.qq.com/cgi-bin/common/attr?id=260714&r=0.3661009972707248 HTTP/1.1" 403 221
120.132.50.135 - - [27/Apr/2016:17:55:51 +0300] "GET http://www.qunar.com/ HTTP/1.1" 200 300
115.231.222.40 - - [27/Apr/2016:18:21:08 +0300] "GET http://zc.qq.com/cgi-bin/common/attr?id=260714&r=0.0320386038407937 HTTP/1.1" 403 221
104.219.238.10 - - [27/Apr/2016:18:25:25 +0300] "GET / HTTP/1.0" 200 599
5.28.165.42 - - [27/Apr/2016:18:57:46 +0300] "GET / HTTP/1.0" 200 599
115.231.222.40 - - [27/Apr/2016:19:07:30 +0300] "GET http://zc.qq.com/cgi-bin/common/attr?id=260714&r=0.9784384462836467 HTTP/1.1" 403 221
115.231.222.40 - - [02/May/2016:15:14:10 +0300] "GET http://zc.qq.com/cgi-bin/common/attr?id=260714&r=0.4145682519976363 HTTP/1.1" 403 221
115.231.222.40 - - [02/May/2016:16:02:02 +0300] "GET http://zc.qq.com/cgi-bin/common/attr?id=260714&r=0.8184870937303126 HTTP/1.1" 403 221
69.59.166.212 - - [02/May/2016:17:18:35 +0300] "GET /status HTTP/1.0" 404 204
115.231.222.40 - - [02/May/2016:17:36:55 +0300] "GET http://zc.qq.com/cgi-bin/common/attr?id=260714&r=0.7964169042435724 HTTP/1.1" 403 221
115.239.228.8 - - [02/May/2016:17:43:13 +0300] "GET http://zc.qq.com/cgi-bin/common/attr?id=260714&r=0.6855543924236133 HTTP/1.1" 403 221
115.231.222.40 - - [02/May/2016:18:25:06 +0300] "GET http://zc.qq.com/cgi-bin/common/attr?id=260714&r=0.6655475819265107 HTTP/1.1" 403 221
115.231.222.40 - - [02/May/2016:19:12:55 +0300] "GET http://zc.qq.com/cgi-bin/common/attr?id=260714&r=0.4076912371916979 HTTP/1.1" 403 221
91.196.50.33 - - [02/May/2016:19:18:31 +0300] "GET http://testp4.pospr.waw.pl/testproxy.php HTTP/1.1" 404 184
115.239.228.8 - - [02/May/2016:19:44:03 +0300] "GET http://zc.qq.com/cgi-bin/common/attr?id=260714&r=0.3104885616576206 HTTP/1.1" 403 221
115.231.222.40 - - [02/May/2016:20:00:03 +0300] "GET http://zc.qq.com/cgi-bin/common/attr?id=260714&r=0.7316914221030542 HTTP/1.1" 403 221
104.219.238.10 - - [02/May/2016:20:28:36 +0300] "GET / HTTP/1.0" 200 599
115.239.228.8 - - [02/May/2016:20:42:57 +0300] "GET http://zc.qq.com/cgi-bin/common/attr?id=260714&r=0.4668173853274648 HTTP/1.1" 403 221
115.231.222.40 - - [02/May/2016:20:47:41 +0300] "GET http://zc.qq.com/cgi-bin/common/attr?id=260714&r=0.0545452649983238 HTTP/1.1" 403 221
115.231.222.40 - - [02/May/2016:21:34:57 +0300] "GET http://zc.qq.com/cgi-bin/common/attr?id=260714&r=0.3033438362628616 HTTP/1.1" 403 221
115.231.222.40 - - [03/May/2016:21:22:39 +0300] "GET http://zc.qq.com/cgi-bin/common/attr?id=260714&r=0.3954434871417644 HTTP/1.1" 403 221
115.239.228.8 - - [03/May/2016:21:59:11 +0300] "GET http://zc.qq.com/cgi-bin/common/attr?id=260714&r=0.7380376081912745 HTTP/1.1" 403 221
115.231.222.40 - - [03/May/2016:22:10:24 +0300] "GET http://zc.qq.com/cgi-bin/common/attr?id=260714&r=0.6888118496816597 HTTP/1.1" 403 221
115.231.222.40 - - [04/May/2016:12:13:10 +0300] "GET http://zc.qq.com/cgi-bin/common/attr?id=260714&r=0.4406722542190080 HTTP/1.1" 403 221
62.210.162.182 - - [04/May/2016:12:52:47 +0300] "GET / HTTP/1.1" 200 300
62.210.162.182 - - [04/May/2016:12:53:01 +0300] "GET / HTTP/1.1" 200 300
62.210.162.182 - - [04/May/2016:12:53:02 +0300] "GET /HNAP1/ HTTP/1.1" 404 179
115.231.222.40 - - [04/May/2016:13:00:10 +0300] "GET http://zc.qq.com/cgi-bin/common/attr?id=260714&r=0.4540124813558509 HTTP/1.1" 403 221
115.239.228.8 - - [04/May/2016:13:31:28 +0300] "GET http://zc.qq.com/cgi-bin/common/attr?id=260714&r=0.1777412899478721 HTTP/1.1" 403 221
115.231.222.40 - - [04/May/2016:13:46:10 +0300] "GET http://zc.qq.com/cgi-bin/common/attr?id=260714&r=0.3192151586232389 HTTP/1.1" 403 221
114.43.12.205 - - [04/May/2016:14:23:06 +0300] "CONNECT smtp.mail.yahoo.com:25 HTTP/1.0" 405 225
115.231.222.40 - - [04/May/2016:14:32:41 +0300] "GET http://zc.qq.com/cgi-bin/common/attr?id=260714&r=0.3955751608092467 HTTP/1.1" 403 221
115.231.222.40 - - [04/May/2016:15:19:14 +0300] "GET http://zc.qq.com/cgi-bin/common/attr?id=260714&r=0.9239073596183460 HTTP/1.1" 403 221
115.239.228.8 - - [15/May/2016:13:36:50 +0300] "GET http://zc.qq.com/cgi-bin/common/attr?id=260714&r=0.1454150972482805 HTTP/1.1" 403 221
115.239.228.8 - - [15/May/2016:14:35:46 +0300] "GET http://zc.qq.com/cgi-bin/common/attr?id=260714&r=0.9249316501593336 HTTP/1.1" 403 221
185.25.151.159 - - [15/May/2016:15:13:42 +0300] "GET http://testp4.pospr.waw.pl/testproxy.php HTTP/1.1" 404 184
115.239.228.8 - - [15/May/2016:15:34:36 +0300] "GET http://zc.qq.com/cgi-bin/common/attr?id=260714&r=0.1066216070476035 HTTP/1.1" 403 221
37.190.51.21 - - [15/May/2016:15:34:47 +0300] "GET / HTTP/1.1" 200 317
37.190.51.21 - - [15/May/2016:15:34:48 +0300] "GET /HNAP1/ HTTP/1.1" 404 179
115.239.228.8 - - [15/May/2016:20:29:15 +0300] "GET http://zc.qq.com/cgi-bin/common/attr?id=260714&r=0.2793160531224610 HTTP/1.1" 403 221
115.239.228.8 - - [15/May/2016:21:28:11 +0300] "GET http://zc.qq.com/cgi-bin/common/attr?id=260714&r=0.2115173666356719 HTTP/1.1" 403 221
62.210.162.182 - - [15/May/2016:22:01:42 +0300] "GET / HTTP/1.1" 200 317
62.210.162.182 - - [15/May/2016:22:01:51 +0300] "GET / HTTP/1.1" 200 317
62.210.162.182 - - [15/May/2016:22:01:52 +0300] "GET /HNAP1/ HTTP/1.1" 404 179
115.239.228.8 - - [15/May/2016:22:27:16 +0300] "GET http://zc.qq.com/cgi-bin/common/attr?id=260714&r=0.3641468358689005 HTTP/1.1" 403 221
202.109.143.18 - - [15/May/2016:22:31:34 +0300] "GET /manager/html HTTP/1.1" 404 210
115.239.228.8 - - [15/May/2016:23:26:02 +0300] "GET http://zc.qq.com/cgi-bin/common/attr?id=260714&r=0.0802751383981051 HTTP/1.1" 403 221
185.92.72.32 - - [15/May/2016:23:35:42 +0300] "GET / HTTP/1.1" 200 317
185.92.72.32 - - [15/May/2016:23:35:45 +0300] "GET /HNAP1/ HTTP/1.1" 404 179
115.239.228.8 - - [16/May/2016:13:11:31 +0300] "GET http://zc.qq.com/cgi-bin/common/attr?id=260714&r=0.5668492598134960 HTTP/1.1" 403 221
115.239.228.8 - - [16/May/2016:14:10:27 +0300] "GET http://zc.qq.com/cgi-bin/common/attr?id=260714&r=0.5107592701398942 HTTP/1.1" 403 221
62.210.162.182 - - [16/May/2016:14:45:54 +0300] "GET / HTTP/1.1" 200 317
62.210.162.182 - - [16/May/2016:14:45:57 +0300] "GET / HTTP/1.1" 200 317
62.210.162.182 - - [16/May/2016:14:45:57 +0300] "GET /HNAP1/ HTTP/1.1" 404 179
115.239.228.8 - - [16/May/2016:15:09:24 +0300] "GET http://zc.qq.com/cgi-bin/common/attr?id=260714&r=0.1592923816988844 HTTP/1.1" 403 221
115.239.228.8 - - [16/May/2016:16:08:00 +0300] "GET http://zc.qq.com/cgi-bin/common/attr?id=260714&r=0.8882430003516841 HTTP/1.1" 403 221
115.239.228.8 - - [16/May/2016:17:06:58 +0300] "GET http://zc.qq.com/cgi-bin/common/attr?id=260714&r=0.1419595555909142 HTTP/1.1" 403 221
115.239.228.8 - - [16/May/2016:18:05:55 +0300] "GET http://zc.qq.com/cgi-bin/common/attr?id=260714&r=0.1065373913469295 HTTP/1.1" 403 221
115.239.228.8 - - [16/May/2016:20:03:46 +0300] "GET http://zc.qq.com/cgi-bin/common/attr?id=260714&r=0.8758719430216191 HTTP/1.1" 403 221
115.239.228.8 - - [16/May/2016:21:02:44 +0300] "GET http://zc.qq.com/cgi-bin/common/attr?id=260714&r=0.0770711278254315 HTTP/1.1" 403 221
115.239.228.8 - - [16/May/2016:22:01:46 +0300] "GET http://zc.qq.com/cgi-bin/common/attr?id=260714&r=0.0404006118309084 HTTP/1.1" 403 221
115.239.228.8 - - [16/May/2016:23:00:41 +0300] "GET http://zc.qq.com/cgi-bin/common/attr?id=260714&r=0.6414984710537812 HTTP/1.1" 403 221
115.239.228.8 - - [16/May/2016:23:59:41 +0300] "GET http://zc.qq.com/cgi-bin/common/attr?id=260714&r=0.4285356755492843 HTTP/1.1" 403 221
115.239.228.8 - - [17/May/2016:11:47:18 +0300] "GET http://zc.qq.com/cgi-bin/common/attr?id=260714&r=0.9204811260448766 HTTP/1.1" 403 221
115.239.228.8 - - [17/May/2016:12:46:18 +0300] "GET http://zc.qq.com/cgi-bin/common/attr?id=260714&r=0.1530748239804615 HTTP/1.1" 403 221
62.210.162.182 - - [17/May/2016:14:02:33 +0300] "GET / HTTP/1.1" 200 317
62.210.162.182 - - [17/May/2016:14:02:44 +0300] "GET / HTTP/1.1" 200 317
62.210.162.182 - - [17/May/2016:14:02:44 +0300] "GET /HNAP1/ HTTP/1.1" 404 179
115.239.228.8 - - [17/May/2016:14:44:13 +0300] "GET http://zc.qq.com/cgi-bin/common/attr?id=260714&r=0.4354035116312817 HTTP/1.1" 403 221
185.49.14.190 - - [17/May/2016:14:53:44 +0300] "GET http://testp4.pospr.waw.pl/testproxy.php HTTP/1.1" 404 184
115.239.228.8 - - [17/May/2016:15:43:13 +0300] "GET http://zc.qq.com/cgi-bin/common/attr?id=260714&r=0.3660637370577819 HTTP/1.1" 403 221
194.28.112.53 - - [17/May/2016:16:13:43 +0300] "GET / HTTP/1.1" 200 317
194.28.112.53 - - [17/May/2016:16:13:47 +0300] "GET /HNAP1/ HTTP/1.1" 404 179
115.239.228.8 - - [17/May/2016:17:41:07 +0300] "GET http://zc.qq.com/cgi-bin/common/attr?id=260714&r=0.4051161216793129 HTTP/1.1" 403 221
115.239.228.8 - - [17/May/2016:18:40:03 +0300] "GET http://zc.qq.com/cgi-bin/common/attr?id=260714&r=0.8636553766830537 HTTP/1.1" 403 221
115.239.228.8 - - [17/May/2016:19:38:58 +0300] "GET http://zc.qq.com/cgi-bin/common/attr?id=260714&r=0.6004721222816235 HTTP/1.1" 403 221
115.231.222.40 - - [17/May/2016:20:01:50 +0300] "GET http://zc.qq.com/cgi-bin/common/attr?id=260714&r=0.4518920865309576 HTTP/1.1" 403 221
115.239.228.8 - - [17/May/2016:20:37:54 +0300] "GET http://zc.qq.com/cgi-bin/common/attr?id=260714&r=0.4926021142170245 HTTP/1.1" 403 221
115.231.222.40 - - [17/May/2016:20:49:05 +0300] "GET http://zc.qq.com/cgi-bin/common/attr?id=260714&r=0.7806145265874307 HTTP/1.1" 403 221
115.231.222.40 - - [17/May/2016:21:36:36 +0300] "GET http://zc.qq.com/cgi-bin/common/attr?id=260714&r=0.1082096436733545 HTTP/1.1" 403 221
115.239.228.8 - - [17/May/2016:21:36:48 +0300] "GET http://zc.qq.com/cgi-bin/common/attr?id=260714&r=0.3305019739537186 HTTP/1.1" 403 221
115.231.222.40 - - [17/May/2016:22:23:32 +0300] "GET http://zc.qq.com/cgi-bin/common/attr?id=260714&r=0.6933169437935249 HTTP/1.1" 403 221
115.239.228.8 - - [17/May/2016:22:35:44 +0300] "GET http://zc.qq.com/cgi-bin/common/attr?id=260714&r=0.8519257060070656 HTTP/1.1" 403 221
115.231.222.40 - - [17/May/2016:23:10:39 +0300] "GET http://zc.qq.com/cgi-bin/common/attr?id=260714&r=0.9672821105966239 HTTP/1.1" 403 221
115.239.228.8 - - [17/May/2016:23:34:40 +0300] "GET http://zc.qq.com/cgi-bin/common/attr?id=260714&r=0.6220808524310011 HTTP/1.1" 403 221
115.231.222.40 - - [17/May/2016:23:58:11 +0300] "GET http://zc.qq.com/cgi-bin/common/attr?id=260714&r=0.8051437060887852 HTTP/1.1" 403 221
115.239.228.8 - - [18/May/2016:00:33:35 +0300] "GET http://zc.qq.com/cgi-bin/common/attr?id=260714&r=0.6650998182174544 HTTP/1.1" 403 221
115.239.228.8 - - [18/May/2016:11:20:51 +0300] "GET http://zc.qq.com/cgi-bin/common/attr?id=260714&r=0.3266812865587209 HTTP/1.1" 403 221
115.239.228.8 - - [18/May/2016:12:19:46 +0300] "GET http://zc.qq.com/cgi-bin/common/attr?id=260714&r=0.0268267682274627 HTTP/1.1" 403 221
115.231.222.40 - - [18/May/2016:12:37:13 +0300] "GET http://zc.qq.com/cgi-bin/common/attr?id=260714&r=0.4975805180036542 HTTP/1.1" 403 221
62.210.162.182 - - [18/May/2016:13:34:28 +0300] "GET / HTTP/1.1" 200 317
62.210.162.182 - - [18/May/2016:13:34:31 +0300] "GET / HTTP/1.1" 200 317
62.210.162.182 - - [18/May/2016:13:34:31 +0300] "GET /HNAP1/ HTTP/1.1" 404 179
115.231.222.40 - - [18/May/2016:14:10:56 +0300] "GET http://zc.qq.com/cgi-bin/common/attr?id=260714&r=0.1590631827875720 HTTP/1.1" 403 221
115.239.228.8 - - [18/May/2016:14:17:24 +0300] "GET http://zc.qq.com/cgi-bin/common/attr?id=260714&r=0.3592917224972691 HTTP/1.1" 403 221
104.148.71.34 - - [14/Jun/2016:22:07:58 +0300] "GET http://fr.cyberpods.net/ HTTP/1.0" 200 401
104.148.71.34 - - [14/Jun/2016:22:07:59 +0300] "CONNECT www.baidu.com:443 HTTP/1.0" 405 225
91.236.75.4 - - [15/Jun/2016:17:36:59 +0300] "GET http://www.google.com/reader/about/ HTTP/1.1" 404 211
188.243.212.237 - - [15/Jun/2016:21:28:32 +0300] "GET http://www.google.com/ HTTP/1.0" 200 401
188.243.212.237 - - [15/Jun/2016:21:34:41 +0300] "GET /status HTTP/1.1" 404 204
188.243.212.237 - - [15/Jun/2016:21:35:47 +0300] "GET /status HTTP/1.1" 404 204
115.230.124.164 - - [16/Jun/2016:12:21:30 +0300] "GET http://zc.qq.com/cgi-bin/common/attr?id=260714&r=0.8048095466900098 HTTP/1.1" 403 221
62.210.162.182 - - [16/Jun/2016:12:44:55 +0300] "GET / HTTP/1.1" 200 228
62.210.162.182 - - [16/Jun/2016:12:44:56 +0300] "GET / HTTP/1.1" 200 228
62.210.162.182 - - [16/Jun/2016:12:44:56 +0300] "GET /HNAP1/ HTTP/1.1" 404 179
182.245.212.186 - - [16/Jun/2016:16:40:05 +0300] "GET /manager/html HTTP/1.1" 404 210
115.230.124.164 - - [16/Jun/2016:17:25:23 +0300] "GET http://zc.qq.com/cgi-bin/common/attr?id=260714&r=0.4949522565848357 HTTP/1.1" 403 221
185.13.195.80 - - [16/Jun/2016:17:49:04 +0300] "GET / HTTP/1.0" 200 401
188.0.236.118 - - [16/Jun/2016:18:59:10 +0300] "GET / HTTP/1.1" 200 228
188.0.236.118 - - [16/Jun/2016:18:59:16 +0300] "GET /HNAP1/ HTTP/1.1" 404 179
115.239.228.8 - - [16/Jun/2016:19:59:06 +0300] "GET http://zc.qq.com/cgi-bin/common/attr?id=260714&r=0.2701001663819670 HTTP/1.1" 403 221
185.25.151.159 - - [17/Jun/2016:14:00:11 +0300] "GET http://testp1.piwo.pila.pl/testproxy.php HTTP/1.1" 404 184
185.25.148.240 - - [17/Jun/2016:14:04:01 +0300] "GET http://testp1.piwo.pila.pl/testproxy.php HTTP/1.1" 404 184
104.148.71.34 - - [17/Jun/2016:15:02:25 +0300] "GET http://proxyjudge.us/ HTTP/1.0" 200 401
104.148.71.34 - - [17/Jun/2016:15:02:26 +0300] "CONNECT www.baidu.com:443 HTTP/1.0" 405 225
194.28.112.53 - - [17/Jun/2016:18:09:45 +0300] "GET / HTTP/1.1" 200 228
194.28.112.53 - - [17/Jun/2016:18:09:48 +0300] "GET /HNAP1/ HTTP/1.1" 404 179
115.230.124.164 - - [17/Jun/2016:18:46:27 +0300] "GET http://zc.qq.com/cgi-bin/common/attr?id=260714&r=0.6057804801394182 HTTP/1.1" 403 221
115.230.125.146 - - [17/Jun/2016:19:08:58 +0300] "GET http://zc.qq.com/cgi-bin/common/attr?id=260714&r=0.4471499936671119 HTTP/1.1" 403 221
62.210.162.182 - - [17/Jun/2016:19:29:26 +0300] "GET / HTTP/1.1" 200 228
62.210.162.182 - - [17/Jun/2016:19:29:29 +0300] "GET / HTTP/1.1" 200 228
62.210.162.182 - - [17/Jun/2016:19:29:29 +0300] "GET /HNAP1/ HTTP/1.1" 404 179
185.93.185.252 - - [17/Jun/2016:20:05:11 +0300] "GET / HTTP/1.1" 200 401
115.230.125.146 - - [20/Jun/2016:11:26:38 +0300] "GET http://zc.qq.com/cgi-bin/common/attr?id=260714&r=0.7498066164987914 HTTP/1.1" 403 221
62.210.162.182 - - [20/Jun/2016:13:15:22 +0300] "GET / HTTP/1.1" 200 228
62.210.162.182 - - [20/Jun/2016:13:15:25 +0300] "GET / HTTP/1.1" 200 228
62.210.162.182 - - [20/Jun/2016:13:15:25 +0300] "GET /HNAP1/ HTTP/1.1" 404 179
185.13.193.33 - - [20/Jun/2016:13:26:43 +0300] "GET / HTTP/1.0" 200 401
185.49.14.190 - - [20/Jun/2016:14:50:47 +0300] "GET http://testp4.pospr.waw.pl/testproxy.php HTTP/1.1" 404 184
115.230.124.164 - - [20/Jun/2016:21:45:39 +0300] "GET http://zc.qq.com/cgi-bin/common/attr?id=260714&r=0.8682592576410103 HTTP/1.1" 403 221
115.230.125.146 - - [20/Jun/2016:23:43:09 +0300] "GET http://zc.qq.com/cgi-bin/common/attr?id=260714&r=0.0714667139102478 HTTP/1.1" 403 221
91.236.75.4 - - [21/Jun/2016:10:57:12 +0300] "GET http://www.google.com/reader/about/ HTTP/1.1" 403 215
115.230.125.146 - - [21/Jun/2016:11:58:44 +0300] "GET http://zc.qq.com/cgi-bin/common/attr?id=260714&r=0.5423995429734122 HTTP/1.1" 403 221
211.140.255.30 - - [21/Jun/2016:17:23:04 +0300] "GET /manager/html HTTP/1.1" 403 214
80.252.248.107 - - [21/Jun/2016:17:25:19 +0300] "GET / HTTP/1.1" 403 179
80.252.248.107 - - [21/Jun/2016:17:25:22 +0300] "GET /HNAP1/ HTTP/1.1" 403 180
188.0.236.119 - - [21/Jun/2016:18:07:50 +0300] "GET / HTTP/1.1" 403 179
188.0.236.119 - - [21/Jun/2016:18:07:50 +0300] "GET /HNAP1/ HTTP/1.1" 403 180
115.230.124.164 - - [21/Jun/2016:19:57:51 +0300] "GET http://zc.qq.com/cgi-bin/common/attr?id=260714&r=0.9337639814702891 HTTP/1.1" 403 221
45.33.83.201 - - [21/Jun/2016:20:58:57 +0300] "GET / HTTP/1.0" 403 202
91.196.50.33 - - [21/Jun/2016:21:20:55 +0300] "GET http://testp1.piwo.pila.pl/testproxy.php HTTP/1.1" 403 185
80.85.87.158 - - [21/Jun/2016:21:29:31 +0300] "GET / HTTP/1.0" 403 202
194.28.115.232 - - [22/Jun/2016:14:08:34 +0300] "GET / HTTP/1.1" 403 179
194.28.115.232 - - [22/Jun/2016:14:08:37 +0300] "GET /HNAP1/ HTTP/1.1" 403 180
115.230.125.146 - - [22/Jun/2016:15:38:29 +0300] "GET http://zc.qq.com/cgi-bin/common/attr?id=260714&r=0.4733647527322970 HTTP/1.1" 403 221
185.49.14.190 - - [22/Jun/2016:17:21:49 +0300] "GET http://testp1.piwo.pila.pl/testproxy.php HTTP/1.1" 403 185
185.13.193.33 - - [23/Jun/2016:12:29:33 +0300] "GET / HTTP/1.0" 403 202
185.49.14.190 - - [23/Jun/2016:14:15:27 +0300] "GET http://testp3.pospr.waw.pl/testproxy.php HTTP/1.1" 403 185
91.236.75.4 - - [23/Jun/2016:16:40:24 +0300] "GET http://www.google.com/reader/about/ HTTP/1.1" 403 215
123.59.59.52 - - [23/Jun/2016:18:01:59 +0300] "GET http://www.qunar.com/ HTTP/1.1" 403 179
194.28.115.232 - - [23/Jun/2016:18:26:46 +0300] "GET / HTTP/1.1" 403 179
194.28.115.232 - - [23/Jun/2016:18:26:49 +0300] "GET /HNAP1/ HTTP/1.1" 403 180
120.132.50.135 - - [23/Jun/2016:19:07:54 +0300] "GET http://www.qyer.com/ HTTP/1.1" 403 179
94.102.49.174 - - [23/Jun/2016:19:59:35 +0300] "GET http://www.baidu.com/cache/global/img/gs.gif HTTP/1.1" 403 225
115.230.124.164 - - [23/Jun/2016:20:30:30 +0300] "GET http://zc.qq.com/cgi-bin/common/attr?id=260714&r=0.0672410452455658 HTTP/1.1" 403 221
188.0.236.136 - - [24/Jun/2016:10:57:47 +0300] "GET / HTTP/1.1" 403 179
188.0.236.136 - - [24/Jun/2016:10:57:47 +0300] "GET /HNAP1/ HTTP/1.1" 403 180
96.228.211.79 - - [24/Jun/2016:16:20:43 +0300] "GET http://httpheader.net/ HTTP/1.1" 403 179
115.230.124.164 - - [24/Jun/2016:17:11:35 +0300] "GET http://zc.qq.com/cgi-bin/common/attr?id=260714&r=0.0255672318660292 HTTP/1.1" 403 221
62.210.162.182 - - [24/Jun/2016:18:52:12 +0300] "GET / HTTP/1.1" 403 179
62.210.162.182 - - [24/Jun/2016:18:52:14 +0300] "GET / HTTP/1.1" 403 179
62.210.162.182 - - [24/Jun/2016:18:52:14 +0300] "GET /HNAP1/ HTTP/1.1" 403 180
91.196.50.33 - - [24/Jun/2016:20:34:59 +0300] "GET http://testp1.piwo.pila.pl/testproxy.php HTTP/1.1" 403 185
115.230.124.164 - - [24/Jun/2016:22:03:42 +0300] "GET http://zc.qq.com/cgi-bin/common/attr?id=260714&r=0.2678357888340985 HTTP/1.1" 403 221
104.148.71.34 - - [26/Jun/2016:16:00:47 +0300] "GET http://domkrim.com/av.php HTTP/1.0" 403 208
104.148.71.34 - - [26/Jun/2016:16:00:47 +0300] "CONNECT www.alipay.com:443 HTTP/1.0" 403 202
183.129.160.229 - - [26/Jun/2016:19:40:28 +0300] "GET / HTTP/1.1" 403 202
192.200.220.58 - - [27/Jun/2016:11:46:10 +0300] "GET /manager/html HTTP/1.1" 403 214
91.105.47.236 - - [27/Jun/2016:13:55:10 +0300] "GET / HTTP/1.0" 403 202
115.230.124.164 - - [27/Jun/2016:14:41:29 +0300] "GET http://zc.qq.com/cgi-bin/common/attr?id=260714&r=0.9339411888555686 HTTP/1.1" 403 221
115.230.124.164 - - [27/Jun/2016:19:15:46 +0300] "GET http://zc.qq.com/cgi-bin/common/attr?id=260714&r=0.5724885145339054 HTTP/1.1" 403 221
185.25.148.240 - - [27/Jun/2016:20:39:19 +0300] "GET http://testp4.pospr.waw.pl/testproxy.php HTTP/1.1" 403 185
185.92.72.16 - - [27/Jun/2016:21:40:32 +0300] "GET / HTTP/1.1" 403 179
185.92.72.16 - - [27/Jun/2016:21:40:35 +0300] "GET /HNAP1/ HTTP/1.1" 403 180
91.236.75.4 - - [29/Jun/2016:16:10:35 +0300] "GET http://www.google.com/reader/about/ HTTP/1.1" 403 215
46.116.38.160 - - [17/Jul/2016:18:11:46 +0300] "GET / HTTP/1.0" 403 202
115.230.124.164 - - [18/Jul/2016:17:47:27 +0300] "GET http://zc.qq.com/cgi-bin/common/attr?id=260714&r=0.2667001729534033 HTTP/1.1" 403 221
115.230.125.146 - - [18/Jul/2016:18:11:14 +0300] "GET http://zc.qq.com/cgi-bin/common/attr?id=260714&r=0.6681860305210825 HTTP/1.1" 403 221
91.196.50.33 - - [18/Jul/2016:18:44:38 +0300] "GET http://testp1.piwo.pila.pl/testproxy.php HTTP/1.1" 403 185
115.230.125.146 - - [25/Jul/2016:16:55:16 +0300] "GET http://zc.qq.com/cgi-bin/common/attr?id=260714&r=0.0960192971833525 HTTP/1.1" 403 221
94.102.49.174 - - [25/Jul/2016:18:39:36 +0300] "GET http://www.baidu.com/cache/global/img/gs.gif HTTP/1.1" 403 225
71.6.135.131 - - [01/Aug/2016:16:44:16 +0300] "GET / HTTP/1.1" 403 202
71.6.135.131 - - [01/Aug/2016:16:44:17 +0300] "GET /robots.txt HTTP/1.1" 403 212
71.6.135.131 - - [01/Aug/2016:16:44:17 +0300] "GET /sitemap.xml HTTP/1.1" 403 213
115.230.124.164 - - [01/Aug/2016:16:47:41 +0300] "GET http://zc.qq.com/cgi-bin/common/attr?id=260714&r=0.0264810326702654 HTTP/1.1" 403 221
94.102.49.174 - - [16/Sep/2016:20:29:01 +0300] "GET http://www.baidu.com/cache/global/img/gs.gif HTTP/1.1" 403 225
185.159.37.9 - - [23/Sep/2016:11:42:18 +0300] "GET / HTTP/1.1" 403 179
185.159.37.9 - - [23/Sep/2016:11:42:21 +0300] "GET /HNAP1/ HTTP/1.1" 403 180
185.49.14.190 - - [23/Sep/2016:11:52:55 +0300] "GET http://testp4.pospr.waw.pl/testproxy.php HTTP/1.1" 403 185
62.210.162.182 - - [23/Sep/2016:15:53:43 +0300] "GET / HTTP/1.1" 200 365
62.210.162.182 - - [23/Sep/2016:15:54:13 +0300] "GET / HTTP/1.1" 200 365
62.210.162.182 - - [23/Sep/2016:15:54:13 +0300] "GET /HNAP1/ HTTP/1.1" 404 179
61.157.96.112 - - [23/Sep/2016:18:26:38 +0300] "GET http://50.117.86.106/?rands=_2120884912023926112777344 HTTP/1.0" 200 1241
61.157.96.112 - - [23/Sep/2016:18:26:39 +0300] "GET http://www.baidu.com/?rands=_7130757440884130733312 HTTP/1.0" 200 1241
61.157.96.112 - - [23/Sep/2016:18:26:40 +0300] "GET http://123.249.29.201:43210/?rands=_60061324016929117216 HTTP/1.0" 200 1241
61.157.96.112 - - [23/Sep/2016:18:26:42 +0300] "GET http://50.117.47.15:28712/?rands=_15330547302261130564512 HTTP/1.0" 200 1241
185.159.36.13 - - [24/Sep/2016:17:08:06 +0300] "GET / HTTP/1.1" 200 365
185.159.36.13 - - [24/Sep/2016:17:08:09 +0300] "GET /HNAP1/ HTTP/1.1" 404 179
141.226.218.120 - - [24/Sep/2016:17:59:54 +0300] "GET / HTTP/1.0" 200 1241
185.25.148.240 - - [24/Sep/2016:20:06:02 +0300] "GET http://testp3.pospr.waw.pl/testproxy.php HTTP/1.1" 404 184
211.157.19.82 - - [24/Sep/2016:21:35:50 +0300] "HEAD /phpmyadmin/index.php HTTP/1.1" 403 -
61.157.96.112 - - [24/Sep/2016:21:42:01 +0300] "GET http://50.117.47.15:28712/?rands=_30484618203304623122024 HTTP/1.0" 200 1241
61.157.96.112 - - [24/Sep/2016:21:42:02 +0300] "GET http://50.117.86.106/?rands=_146884074802613060126840 HTTP/1.0" 200 1241
61.157.96.112 - - [24/Sep/2016:21:42:02 +0300] "GET http://123.249.29.201:43210/?rands=_100711112916304203782116 HTTP/1.0" 200 1241
61.157.96.112 - - [24/Sep/2016:21:42:03 +0300] "GET http://www.baidu.com/?rands=_1835463873020145841337480 HTTP/1.0" 200 1241
103.37.144.246 - - [26/Sep/2016:13:41:08 +0300] "GET http://www.baidu.com/favicon.ico HTTP/1.1" 404 183
185.25.151.159 - - [26/Sep/2016:16:08:48 +0300] "GET http://testp4.pospr.waw.pl/testproxy.php HTTP/1.1" 404 184
93.174.93.136 - - [26/Sep/2016:17:36:05 +0300] "GET http://www.baidu.com/cache/global/img/gs.gif HTTP/1.1" 404 221
91.196.50.33 - - [26/Sep/2016:18:09:00 +0300] "GET http://testp1.piwo.pila.pl/testproxy.php HTTP/1.1" 404 184
91.196.50.33 - - [27/Sep/2016:12:38:38 +0300] "GET http://testp3.pospr.waw.pl/testproxy.php HTTP/1.1" 404 184
118.123.244.77 - - [27/Sep/2016:13:41:35 +0300] "GET /manager/html HTTP/1.1" 404 210
91.236.75.4 - - [27/Sep/2016:16:19:16 +0300] "GET http://www.google.com/reader/about/ HTTP/1.1" 404 211
180.150.179.202 - - [27/Sep/2016:16:58:03 +0300] "GET http://www.baidu.com/favicon.ico HTTP/1.1" 404 183
92.255.232.87 - - [27/Sep/2016:17:47:04 +0300] "HEAD / HTTP/1.0" 200 -
93.184.239.147 - - [27/Sep/2016:20:26:53 +0300] "HEAD / HTTP/1.0" 200 -
91.196.50.33 - - [27/Sep/2016:21:25:31 +0300] "GET http://testp3.pospr.waw.pl/testproxy.php HTTP/1.1" 404 184
93.174.93.136 - - [27/Sep/2016:22:09:40 +0300] "GET http://www.baidu.com/cache/global/img/gs.gif HTTP/1.1" 404 221
94.102.49.174 - - [28/Sep/2016:14:58:02 +0300] "GET http://www.baidu.com/cache/global/img/gs.gif HTTP/1.1" 404 221
62.210.162.182 - - [28/Sep/2016:15:14:32 +0300] "GET / HTTP/1.1" 200 311
62.210.162.182 - - [28/Sep/2016:15:14:51 +0300] "GET / HTTP/1.1" 200 311
62.210.162.182 - - [28/Sep/2016:15:14:51 +0300] "GET /HNAP1/ HTTP/1.1" 404 179
91.196.50.33 - - [28/Sep/2016:15:43:57 +0300] "GET http://testp1.piwo.pila.pl/testproxy.php HTTP/1.1" 404 184
185.25.151.159 - - [29/Sep/2016:19:47:22 +0300] "GET http://testp1.piwo.pila.pl/testproxy.php HTTP/1.1" 404 184
185.25.151.159 - - [29/Sep/2016:20:29:29 +0300] "GET http://testp3.pospr.waw.pl/testproxy.php HTTP/1.1" 404 184
179.99.200.39 - - [29/Sep/2016:21:08:12 +0300] "GET http://www.teddybrinkofski.com/ip_json.php HTTP/1.1" 404 209
185.25.151.159 - - [30/Sep/2016:13:49:00 +0300] "GET http://testp3.pospr.waw.pl/testproxy.php HTTP/1.1" 404 184
185.25.148.240 - - [30/Sep/2016:13:54:33 +0300] "GET http://testp3.pospr.waw.pl/testproxy.php HTTP/1.1" 404 184
201.179.26.98 - - [04/Oct/2016:17:31:41 +0300] "GET / HTTP/1.0" 200 561
91.236.75.4 - - [05/Oct/2016:12:24:32 +0300] "GET http://www.google.com/reader/about/ HTTP/1.1" 404 211
185.49.14.190 - - [05/Oct/2016:14:06:22 +0300] "GET http://testp4.pospr.waw.pl/testproxy.php HTTP/1.1" 404 184
212.76.30.69 - - [05/Oct/2016:17:34:26 +0300] "GET http://azenv.net/ HTTP/1.1" 200 561
64.71.178.232 - - [05/Oct/2016:17:56:02 +0300] "CONNECT www.google.pl:443 HTTP/1.1" 405 183
62.210.162.182 - - [05/Oct/2016:18:41:39 +0300] "GET / HTTP/1.1" 200 311
62.210.162.182 - - [05/Oct/2016:18:42:20 +0300] "GET / HTTP/1.1" 200 311
62.210.162.182 - - [05/Oct/2016:18:42:20 +0300] "GET /HNAP1/ HTTP/1.1" 404 179
5.200.53.153 - - [05/Oct/2016:20:23:46 +0300] "GET / HTTP/1.1" 200 311
185.159.37.9 - - [05/Oct/2016:21:09:16 +0300] "GET / HTTP/1.1" 200 311
185.159.37.9 - - [05/Oct/2016:21:09:16 +0300] "GET /HNAP1/ HTTP/1.1" 404 179
185.25.148.240 - - [06/Oct/2016:17:33:13 +0300] "GET http://testp4.pospr.waw.pl/testproxy.php HTTP/1.1" 404 184
91.236.75.4 - - [10/Oct/2016:20:50:14 +0300] "GET http://www.google.com/reader/about/ HTTP/1.1" 404 211
104.148.44.218 - - [11/Oct/2016:11:19:20 +0300] "GET http://proxyjudge.us/ HTTP/1.1" 200 561
104.148.44.218 - - [11/Oct/2016:11:19:20 +0300] "CONNECT www.alipay.com:443 HTTP/1.0" 405 225
61.157.96.112 - - [11/Oct/2016:11:58:23 +0300] "GET http://50.117.47.15:28712/?rands=_573386872830625653297068 HTTP/1.0" 200 561
61.157.96.112 - - [11/Oct/2016:11:58:24 +0300] "GET http://123.249.29.201:43210/?rands=_15630692363903901196580 HTTP/1.0" 200 561
61.157.96.112 - - [11/Oct/2016:11:58:24 +0300] "GET http://50.117.86.106/?rands=_79687355042142756529312 HTTP/1.0" 200 561
61.157.96.112 - - [11/Oct/2016:11:58:29 +0300] "GET http://www.baidu.com/?rands=_324114772010294203325064 HTTP/1.0" 200 561
185.25.148.240 - - [11/Oct/2016:12:59:02 +0300] "GET http://testp3.pospr.waw.pl/testproxy.php HTTP/1.1" 404 184
104.148.44.218 - - [11/Oct/2016:16:01:55 +0300] "GET http://www.luisaranguren.com/azenv.php HTTP/1.1" 404 207
104.148.44.218 - - [11/Oct/2016:16:01:55 +0300] "CONNECT www.baidu.com:443 HTTP/1.0" 405 225
62.210.162.182 - - [11/Oct/2016:16:15:08 +0300] "GET / HTTP/1.1" 200 311
62.210.162.182 - - [11/Oct/2016:16:15:33 +0300] "GET / HTTP/1.1" 200 311
62.210.162.182 - - [11/Oct/2016:16:15:33 +0300] "GET /HNAP1/ HTTP/1.1" 404 179
185.25.151.159 - - [11/Oct/2016:17:34:43 +0300] "GET http://testp3.pospr.waw.pl/testproxy.php HTTP/1.1" 404 184
91.196.50.33 - - [12/Oct/2016:11:52:21 +0300] "GET http://testp3.pospr.waw.pl/testproxy.php HTTP/1.1" 404 184
185.25.148.240 - - [12/Oct/2016:14:43:52 +0300] "GET http://testp3.pospr.waw.pl/testproxy.php HTTP/1.1" 404 184
95.213.177.124 - - [12/Oct/2016:14:53:15 +0300] "POST http://check.proxyradar.com/azenv.php?auth=147627319475&a=PSCMN&i=3106105035&p=8080 HTTP/1.1" 404 207
91.236.75.4 - - [12/Oct/2016:15:30:39 +0300] "GET http://www.google.com/reader/about/ HTTP/1.1" 404 211
187.67.252.170 - - [12/Oct/2016:15:33:02 +0300] "GET /cgi/common.cgi HTTP/1.0" 404 212
187.67.252.170 - - [12/Oct/2016:15:33:02 +0300] "GET /stssys.htm HTTP/1.0" 404 208
187.67.252.170 - - [12/Oct/2016:15:33:06 +0300] "POST /command.php HTTP/1.0" 404 209
79.52.224.198 - - [12/Oct/2016:15:41:33 +0300] "GET / HTTP/1.0" 200 561
183.129.160.229 - - [12/Oct/2016:16:06:48 +0300] "GET / HTTP/1.1" 200 561
183.129.160.229 - - [12/Oct/2016:16:06:48 +0300] "test" 501 206
104.148.44.218 - - [12/Oct/2016:17:24:32 +0300] "GET http://proxyjudge.us/ HTTP/1.1" 200 561
104.148.44.218 - - [12/Oct/2016:17:24:32 +0300] "CONNECT www.baidu.com:443 HTTP/1.0" 405 225
95.213.177.124 - - [12/Oct/2016:19:19:52 +0300] "POST http://check.proxyradar.com/azenv.php?auth=147628919101&a=PSCMN&i=3106105035&p=8080 HTTP/1.1" 404 207
120.76.212.168 - - [12/Oct/2016:20:16:36 +0300] "CONNECT search.yahoo.com:443 HTTP/1.1" 405 225
189.7.133.72 - - [15/Oct/2016:16:54:57 +0300] "GET /cgi/common.cgi HTTP/1.0" 404 212
189.7.133.72 - - [15/Oct/2016:16:54:58 +0300] "GET /stssys.htm HTTP/1.0" 404 208
189.7.133.72 - - [15/Oct/2016:16:54:59 +0300] "GET / HTTP/1.0" 200 561
189.7.133.72 - - [15/Oct/2016:16:54:59 +0300] "POST /command.php HTTP/1.0" 404 209
189.7.133.72 - - [15/Oct/2016:16:55:00 +0300] "GET /language/Swedish${IFS}&&echo${IFS}610cker>qt&&tar${IFS}/string.js HTTP/1.0" 404 282
189.7.133.72 - - [15/Oct/2016:16:55:01 +0300] "GET /../../../../../../../mnt/mtd/qt HTTP/1.0" 400 226
91.196.50.33 - - [18/Oct/2016:15:50:32 +0300] "GET http://testp3.pospr.waw.pl/testproxy.php HTTP/1.1" 404 184
185.49.14.190 - - [22/Oct/2016:11:57:46 +0300] "GET http://testp3.pospr.waw.pl/testproxy.php HTTP/1.1" 404 184
91.236.75.4 - - [22/Oct/2016:15:25:56 +0300] "GET http://www.google.com/reader/about/ HTTP/1.1" 404 211
61.160.210.25 - - [22/Oct/2016:15:43:59 +0300] "GET /script HTTP/1.1" 404 179
94.102.49.174 - - [13/Nov/2016:20:48:38 +0200] "GET http://www.baidu.com/cache/global/img/gs.gif HTTP/1.1" 404 221
201.75.214.112 - - [22/Nov/2016:18:20:30 +0200] "GET / HTTP/1.0" 200 1385
217.77.216.82 - - [22/Nov/2016:19:18:51 +0200] "GET / HTTP/1.1" 200 997
217.77.216.82 - - [22/Nov/2016:19:18:51 +0200] "GET /HNAP1/ HTTP/1.1" 404 179
94.102.49.174 - - [23/Nov/2016:21:39:33 +0200] "GET http://www.baidu.com/cache/global/img/gs.gif HTTP/1.1" 404 221
79.182.136.242 - - [24/Nov/2016:14:32:52 +0200] "GET / HTTP/1.0" 200 751
185.25.148.240 - - [25/Nov/2016:16:30:33 +0200] "GET http://testp4.pospr.waw.pl/testproxy.php HTTP/1.1" 404 184
77.127.34.180 - - [25/Nov/2016:16:33:42 +0200] "GET / HTTP/1.0" 200 751
185.141.165.143 - - [25/Nov/2016:16:41:03 +0200] "GET http://web1.cachefly.net/speedtest/index.html HTTP/1.0" 404 218
185.141.165.143 - - [25/Nov/2016:16:41:03 +0200] "GET http://azenv.net/ HTTP/1.0" 200 751
185.141.165.143 - - [25/Nov/2016:16:41:03 +0200] "GET http://azenv.net/ HTTP/1.0" 200 751
169.54.233.124 - - [25/Nov/2016:17:05:09 +0200] "GET / HTTP/1.0" 200 751
212.92.127.201 - - [26/Nov/2016:15:44:27 +0200] "GET / HTTP/1.1" 200 751
93.174.93.136 - - [26/Nov/2016:19:01:28 +0200] "GET http://www.baidu.com/cache/global/img/gs.gif HTTP/1.1" 404 221
123.59.53.18 - - [26/Nov/2016:21:02:37 +0200] "GET http://www.baidu.com/favicon.ico HTTP/1.1" 200 32038
91.196.50.33 - - [27/Nov/2016:12:04:42 +0200] "GET http://testp3.pospr.waw.pl/testproxy.php HTTP/1.1" 404 184
62.210.162.182 - - [27/Nov/2016:15:22:47 +0200] "GET / HTTP/1.1" 200 328
62.210.162.182 - - [27/Nov/2016:15:22:57 +0200] "GET / HTTP/1.1" 200 328
62.210.162.182 - - [27/Nov/2016:15:22:57 +0200] "GET /HNAP1/ HTTP/1.1" 404 179
91.196.50.33 - - [27/Nov/2016:17:11:02 +0200] "GET http://testp3.pospr.waw.pl/testproxy.php HTTP/1.1" 404 184
95.9.171.213 - - [27/Nov/2016:17:51:53 +0200] "\x03" 501 203
95.9.171.213 - - [27/Nov/2016:17:51:55 +0200] "\x03" 501 203
95.9.171.213 - - [27/Nov/2016:17:52:01 +0200] "\x03" 501 203
95.9.171.213 - - [27/Nov/2016:17:52:01 +0200] "\x03" 501 203
95.9.171.213 - - [27/Nov/2016:17:52:05 +0200] "\x03" 501 203
95.9.171.213 - - [27/Nov/2016:17:52:05 +0200] "\x03" 501 203
95.9.171.213 - - [27/Nov/2016:17:52:06 +0200] "\x03" 501 203
95.9.171.213 - - [27/Nov/2016:17:52:06 +0200] "\x03" 501 203
95.9.171.213 - - [27/Nov/2016:17:52:06 +0200] "\x03" 501 203
95.9.171.213 - - [27/Nov/2016:17:52:12 +0200] "\x03" 501 203
95.9.171.213 - - [27/Nov/2016:17:52:15 +0200] "\x03" 501 203
95.9.171.213 - - [27/Nov/2016:17:52:16 +0200] "\x03" 501 203
95.9.171.213 - - [27/Nov/2016:17:52:17 +0200] "\x03" 501 203
95.9.171.213 - - [27/Nov/2016:17:52:20 +0200] "\x03" 501 203
95.9.171.213 - - [27/Nov/2016:17:52:20 +0200] "\x03" 501 203
95.9.171.213 - - [27/Nov/2016:17:52:20 +0200] "\x03" 501 203
95.9.171.213 - - [27/Nov/2016:17:52:21 +0200] "\x03" 501 203
95.9.171.213 - - [27/Nov/2016:17:52:22 +0200] "\x03" 501 203
95.9.171.213 - - [27/Nov/2016:17:52:23 +0200] "\x03" 501 203
95.9.171.213 - - [27/Nov/2016:17:52:24 +0200] "\x03" 501 203
95.9.171.213 - - [27/Nov/2016:17:52:26 +0200] "\x03" 501 203
95.9.171.213 - - [27/Nov/2016:17:52:29 +0200] "\x03" 501 203
95.9.171.213 - - [27/Nov/2016:17:52:30 +0200] "\x03" 501 203
95.9.171.213 - - [27/Nov/2016:17:52:30 +0200] "\x03" 501 203
95.9.171.213 - - [27/Nov/2016:17:52:33 +0200] "\x03" 501 203
95.9.171.213 - - [27/Nov/2016:17:52:42 +0200] "\x03" 501 203
95.9.171.213 - - [27/Nov/2016:17:52:42 +0200] "\x03" 501 203
95.9.171.213 - - [27/Nov/2016:17:52:48 +0200] "\x03" 501 203
95.9.171.213 - - [27/Nov/2016:17:52:51 +0200] "\x03" 501 203
95.9.171.213 - - [27/Nov/2016:17:52:52 +0200] "\x03" 501 203
95.9.171.213 - - [27/Nov/2016:17:52:54 +0200] "\x03" 501 203
95.9.171.213 - - [27/Nov/2016:17:52:56 +0200] "\x03" 501 203
95.9.171.213 - - [27/Nov/2016:17:53:05 +0200] "\x03" 501 203
95.9.171.213 - - [27/Nov/2016:17:53:09 +0200] "\x03" 501 203
95.9.171.213 - - [27/Nov/2016:17:53:09 +0200] "\x03" 501 203
95.9.171.213 - - [27/Nov/2016:17:53:12 +0200] "\x03" 501 203
95.9.171.213 - - [27/Nov/2016:17:53:14 +0200] "\x03" 501 203
95.9.171.213 - - [27/Nov/2016:17:53:14 +0200] "\x03" 501 203
95.9.171.213 - - [27/Nov/2016:17:53:18 +0200] "\x03" 501 203
95.9.171.213 - - [27/Nov/2016:17:53:18 +0200] "\x03" 501 203
95.9.171.213 - - [27/Nov/2016:17:53:24 +0200] "\x03" 501 203
95.9.171.213 - - [27/Nov/2016:17:53:28 +0200] "\x03" 501 203
95.9.171.213 - - [27/Nov/2016:17:53:29 +0200] "\x03" 501 203
95.9.171.213 - - [27/Nov/2016:17:53:32 +0200] "\x03" 501 203
95.9.171.213 - - [27/Nov/2016:17:53:36 +0200] "\x03" 501 203
95.9.171.213 - - [27/Nov/2016:17:53:38 +0200] "\x03" 501 203
95.9.171.213 - - [27/Nov/2016:17:53:43 +0200] "\x03" 501 203
95.9.171.213 - - [27/Nov/2016:17:53:48 +0200] "\x03" 501 203
95.9.171.213 - - [27/Nov/2016:17:53:49 +0200] "\x03" 501 203
95.9.171.213 - - [27/Nov/2016:17:53:50 +0200] "\x03" 501 203
95.9.171.213 - - [27/Nov/2016:17:53:50 +0200] "\x03" 501 203
95.9.171.213 - - [27/Nov/2016:17:53:56 +0200] "\x03" 501 203
95.9.171.213 - - [27/Nov/2016:17:54:00 +0200] "\x03" 501 203
95.9.171.213 - - [27/Nov/2016:17:54:01 +0200] "\x03" 501 203
95.9.171.213 - - [27/Nov/2016:17:54:10 +0200] "\x03" 501 203
95.9.171.213 - - [27/Nov/2016:17:54:10 +0200] "\x03" 501 203
95.9.171.213 - - [27/Nov/2016:17:54:11 +0200] "\x03" 501 203
181.26.62.17 - - [01/Dec/2016:19:08:54 +0200] "GET / HTTP/1.0" 200 867
93.174.93.136 - - [01/Dec/2016:20:44:18 +0200] "GET http://www.baidu.com/cache/global/img/gs.gif HTTP/1.1" 404 221
::1 - - [05/Dec/2016:20:21:52 +0200] "GET / HTTP/1.1" 200 357
::1 - - [05/Dec/2016:20:21:52 +0200] "GET /favicon.ico HTTP/1.1" 200 32038
::1 - - [05/Dec/2016:20:21:53 +0200] "GET /admin.html HTTP/1.1" 200 4621
::1 - - [05/Dec/2016:20:21:53 +0200] "GET /css/reset.css HTTP/1.1" 200 934
::1 - - [05/Dec/2016:20:21:53 +0200] "GET /css/style.css HTTP/1.1" 200 7544
::1 - - [05/Dec/2016:20:21:53 +0200] "GET /js/jquery-2.2.4.min.js HTTP/1.1" 200 29776
::1 - - [05/Dec/2016:20:21:53 +0200] "GET /js/jquery-ui.min.js HTTP/1.1" 200 67619
::1 - - [05/Dec/2016:20:21:53 +0200] "GET /js/jquery.uniform.js HTTP/1.1" 200 3593
::1 - - [05/Dec/2016:20:21:53 +0200] "GET /js/slideout.min.js HTTP/1.1" 200 2248
::1 - - [05/Dec/2016:20:21:53 +0200] "GET /js/custom.js HTTP/1.1" 200 336
::1 - - [05/Dec/2016:20:21:53 +0200] "GET /js/jquery.mCustomScrollbar.min.js HTTP/1.1" 200 11890
::1 - - [05/Dec/2016:20:21:53 +0200] "GET /fonts/RadomirTinkovGilroyBold.woff2 HTTP/1.1" 200 26500
::1 - - [05/Dec/2016:20:21:53 +0200] "GET /fonts/RadomirTinkovGilroyRegular.woff2 HTTP/1.1" 200 25100
::1 - - [05/Dec/2016:20:21:53 +0200] "GET /fonts/RadomirTinkovGilroySemiBold.woff2 HTTP/1.1" 200 25872
::1 - - [05/Dec/2016:20:21:53 +0200] "GET /images/support_ico.png HTTP/1.1" 200 236
::1 - - [05/Dec/2016:20:21:53 +0200] "GET /images/reviews_nav_ico.png HTTP/1.1" 200 766
::1 - - [05/Dec/2016:20:21:53 +0200] "GET /images/account_nav_ico.png HTTP/1.1" 200 660
::1 - - [05/Dec/2016:20:21:53 +0200] "GET /images/services_nav_ico.png HTTP/1.1" 200 855
::1 - - [05/Dec/2016:20:21:53 +0200] "GET /images/orders_nav_ico.png HTTP/1.1" 200 683
::1 - - [05/Dec/2016:20:21:53 +0200] "GET /images/sb_logo.png HTTP/1.1" 200 1696
::1 - - [05/Dec/2016:20:21:53 +0200] "GET /images/edit_ico.png HTTP/1.1" 200 198
::1 - - [05/Dec/2016:20:21:53 +0200] "GET /images/star.png HTTP/1.1" 200 423
::1 - - [05/Dec/2016:20:21:53 +0200] "GET /images/datepicker_ico.png HTTP/1.1" 200 244
::1 - - [05/Dec/2016:20:21:53 +0200] "GET /images/trash_ico.png HTTP/1.1" 200 254
::1 - - [05/Dec/2016:20:21:53 +0200] "GET /images/search_ico.png HTTP/1.1" 200 245
::1 - - [05/Dec/2016:20:21:53 +0200] "GET /images/calendar_nav_btn.png HTTP/1.1" 200 255
::1 - - [05/Dec/2016:20:21:54 +0200] "GET /images/select_arrow.png HTTP/1.1" 200 178
::1 - - [05/Dec/2016:20:21:54 +0200] "GET /images/switch_ico.png HTTP/1.1" 200 326
::1 - - [05/Dec/2016:20:21:54 +0200] "GET /images/select_arrow_grey.png HTTP/1.1" 200 176
::1 - - [05/Dec/2016:21:23:40 +0200] "GET /admin.html HTTP/1.1" 200 4621
::1 - - [05/Dec/2016:21:23:40 +0200] "GET /css/reset.css HTTP/1.1" 200 934
::1 - - [05/Dec/2016:21:23:40 +0200] "GET /css/style.css HTTP/1.1" 200 7544
::1 - - [05/Dec/2016:21:23:40 +0200] "GET /js/jquery.uniform.js HTTP/1.1" 200 3593
::1 - - [05/Dec/2016:21:23:40 +0200] "GET /js/custom.js HTTP/1.1" 200 336
::1 - - [05/Dec/2016:21:23:40 +0200] "GET /js/jquery-2.2.4.min.js HTTP/1.1" 200 29776
::1 - - [05/Dec/2016:21:23:40 +0200] "GET /js/slideout.min.js HTTP/1.1" 200 2248
::1 - - [05/Dec/2016:21:23:40 +0200] "GET /js/jquery.mCustomScrollbar.min.js HTTP/1.1" 200 11890
::1 - - [05/Dec/2016:21:23:40 +0200] "GET /js/jquery-ui.min.js HTTP/1.1" 200 67619
::1 - - [05/Dec/2016:21:23:40 +0200] "GET /images/support_ico.png HTTP/1.1" 200 236
::1 - - [05/Dec/2016:21:23:40 +0200] "GET /fonts/RadomirTinkovGilroyBold.woff2 HTTP/1.1" 200 26500
::1 - - [05/Dec/2016:21:23:40 +0200] "GET /images/sb_logo.png HTTP/1.1" 200 1696
::1 - - [05/Dec/2016:21:23:40 +0200] "GET /images/account_nav_ico.png HTTP/1.1" 200 660
::1 - - [05/Dec/2016:21:23:40 +0200] "GET /fonts/RadomirTinkovGilroyRegular.woff2 HTTP/1.1" 200 25100
::1 - - [05/Dec/2016:21:23:40 +0200] "GET /images/reviews_nav_ico.png HTTP/1.1" 200 766
::1 - - [05/Dec/2016:21:23:40 +0200] "GET /fonts/RadomirTinkovGilroySemiBold.woff2 HTTP/1.1" 200 25872
::1 - - [05/Dec/2016:21:23:40 +0200] "GET /images/services_nav_ico.png HTTP/1.1" 200 855
::1 - - [05/Dec/2016:21:23:40 +0200] "GET /images/orders_nav_ico.png HTTP/1.1" 200 683
::1 - - [05/Dec/2016:21:23:40 +0200] "GET /images/edit_ico.png HTTP/1.1" 200 198
::1 - - [05/Dec/2016:21:23:40 +0200] "GET /images/star.png HTTP/1.1" 200 423
::1 - - [05/Dec/2016:21:23:40 +0200] "GET /images/datepicker_ico.png HTTP/1.1" 200 244
::1 - - [05/Dec/2016:21:23:40 +0200] "GET /images/trash_ico.png HTTP/1.1" 200 254
::1 - - [05/Dec/2016:21:23:40 +0200] "GET /images/search_ico.png HTTP/1.1" 200 245
::1 - - [05/Dec/2016:21:23:40 +0200] "GET /images/calendar_nav_btn.png HTTP/1.1" 200 255
::1 - - [05/Dec/2016:21:23:40 +0200] "GET /images/select_arrow.png HTTP/1.1" 200 178
::1 - - [05/Dec/2016:21:23:40 +0200] "GET /images/switch_ico.png HTTP/1.1" 200 326
::1 - - [05/Dec/2016:21:23:41 +0200] "GET /images/select_arrow_grey.png HTTP/1.1" 200 176
::1 - - [05/Dec/2016:21:23:41 +0200] "GET / HTTP/1.1" 200 357
::1 - - [05/Dec/2016:22:20:08 +0200] "GET / HTTP/1.1" 200 357
::1 - - [05/Dec/2016:22:42:13 +0200] "GET / HTTP/1.1" 200 357
::1 - - [05/Dec/2016:22:46:10 +0200] "GET / HTTP/1.1" 200 357
::1 - - [05/Dec/2016:23:02:29 +0200] "GET / HTTP/1.1" 200 357
::1 - - [05/Dec/2016:23:10:51 +0200] "GET / HTTP/1.1" 200 357
93.174.93.136 - - [08/Dec/2016:23:02:29 +0200] "GET http://www.baidu.com/cache/global/img/gs.gif HTTP/1.1" 404 221
212.92.127.201 - - [10/Dec/2016:15:40:01 +0200] "GET / HTTP/1.1" 200 867
61.216.2.13 - - [10/Dec/2016:16:49:23 +0200] "GET / HTTP/1.1" 400 226
62.210.162.182 - - [12/Dec/2016:17:36:13 +0200] "GET / HTTP/1.1" 200 357
62.210.162.182 - - [12/Dec/2016:17:36:38 +0200] "GET / HTTP/1.1" 200 357
62.210.162.182 - - [12/Dec/2016:17:36:38 +0200] "GET /HNAP1/ HTTP/1.1" 404 179
213.136.71.231 - - [12/Dec/2016:18:07:42 +0200] "HEAD / HTTP/1.0" 200 -
91.236.75.4 - - [12/Dec/2016:18:14:27 +0200] "GET http://www.google.com/reader/about/ HTTP/1.1" 404 211
198.20.69.98 - - [12/Dec/2016:18:53:37 +0200] "GET / HTTP/1.1" 200 867
222.186.34.119 - - [12/Dec/2016:21:09:15 +0200] "GET /script HTTP/1.1" 404 179
120.132.68.142 - - [01/Feb/2017:22:52:20 +0200] "GET http://www.baidu.com/favicon.ico HTTP/1.1" 200 32038
91.196.50.33 - - [02/Feb/2017:11:49:14 +0200] "GET http://testp3.pospr.waw.pl/testproxy.php HTTP/1.1" 404 184
95.213.177.126 - - [02/Feb/2017:16:57:36 +0200] "POST http://check.proxyradar.com/azenv.php?auth=148604745657&a=PSCMN&i=3106105035&p=8080 HTTP/1.1" 404 207
86.110.117.48 - - [02/Feb/2017:17:16:06 +0200] "GET / HTTP/1.1" 200 357
86.110.117.48 - - [02/Feb/2017:17:16:07 +0200] "GET http://www.msftncsi.com/ncsi.txt HTTP/1.1" 404 181
95.213.177.126 - - [02/Feb/2017:21:27:30 +0200] "POST http://check.proxyradar.com/azenv.php?auth=148606365045&a=PSCMN&i=3106105035&p=8080 HTTP/1.1" 404 207
62.210.162.182 - - [02/Feb/2017:22:33:24 +0200] "GET / HTTP/1.1" 200 357
62.210.162.182 - - [02/Feb/2017:22:33:28 +0200] "GET / HTTP/1.1" 200 357
62.210.162.182 - - [02/Feb/2017:22:33:29 +0200] "GET /HNAP1/ HTTP/1.1" 404 179
176.118.50.165 - - [02/Feb/2017:22:39:56 +0200] "\x03" 501 203
123.59.82.147 - - [03/Feb/2017:10:44:40 +0200] "GET http://www.baidu.com/favicon.ico HTTP/1.1" 200 32038
95.213.177.124 - - [03/Feb/2017:11:44:33 +0200] "POST http://check.proxyradar.com/azenv.php?auth=148611507231&a=PSCMN&i=3106105035&p=8080 HTTP/1.1" 404 207
91.196.50.33 - - [03/Feb/2017:13:11:13 +0200] "GET http://testp4.pospr.waw.pl/testproxy.php HTTP/1.1" 404 184
91.236.75.4 - - [03/Feb/2017:17:55:19 +0200] "GET http://www.google.com/ HTTP/1.1" 200 867
95.213.177.125 - - [03/Feb/2017:17:57:07 +0200] "POST http://check.proxyradar.com/azenv.php?auth=148613742659&a=PSCMN&i=3106105035&p=8080 HTTP/1.1" 404 207
50.118.255.147 - - [03/Feb/2017:19:30:39 +0200] "GET http://www.sbjudge3.com/azenv.php HTTP/1.1" 404 207
50.118.255.147 - - [03/Feb/2017:19:30:39 +0200] "CONNECT www.baidu.com:443 HTTP/1.1" 405 225
50.118.255.147 - - [03/Feb/2017:19:30:39 +0200] "\x80\x98\x01\x03\x01" 501 207
95.213.177.126 - - [04/Feb/2017:14:14:29 +0200] "POST http://check.proxyradar.com/azenv.php?auth=148621046823&a=PSCMN&i=3106105035&p=8080 HTTP/1.1" 404 207
139.162.111.98 - - [04/Feb/2017:14:24:37 +0200] "GET / HTTP/1.1" 200 867
95.213.177.125 - - [05/Feb/2017:12:13:06 +0200] "POST http://check.proxyradar.com/azenv.php?auth=148628958619&a=PSCMN&i=3106105035&p=8080 HTTP/1.1" 404 207
168.1.128.59 - - [05/Feb/2017:14:21:48 +0200] "GET / HTTP/1.0" 200 867
86.105.195.89 - - [05/Feb/2017:15:22:25 +0200] "HEAD /admin-console/ HTTP/1.1" 404 -
